{'cols': [{'label': 'time', 'type': 'date'},
          {'label': u'blah', 'type': 'number'},
          {'label': u'new_crashes', 'type': 'number'}],
 'column_descriptions': {'blah': 'blah description',
                         'func_coverage': 'func coverage description'},
 'is_timeseries': True,
 'rows': [{'c': [{'v': 'Date(2016, 9, 21, 2, 40, 0)'},
                 {'v': 4693.0},
                 {'v': 6}]},
          {'c': [{'v': 'Date(2016, 9, 23, 0, 0, 0)'},
                 {'v': 214719.0},
                 {'v': 7}]},
          {'c': [{'v': 'Date(2016, 9, 19, 0, 10, 0)'},
                 {'v': 4091.0},
                 {'v': 0}]}]}