{ 'cols': [ { 'label': 'date', 'type': 'date'},
            { 'label': u'blah', 'type': 'number'},
            { 'label': u'new_crashes', 'type': 'number'},
            { 'label': u'edge_coverage', 'type': 'number'},
            { 'label': u'func_coverage', 'type': 'number'},
            { 'label': u'corpus_size', 'type': 'number'},
            { 'label': u'corpus_backup', 'type': 'string'},
            { 'label': u'quarantine_size', 'type': 'number'},
            { 'label': u'coverage_report', 'type': 'string'},
            { 'label': u'fuzzer_logs', 'type': 'string'},
            { 'label': u'performance_report', 'type': 'string'}],
  'column_descriptions': { 'blah': 'blah description',
                           'func_coverage': 'func coverage description'},
  'is_timeseries': False,
  'rows': [ { 'c': [ { 'v': 'Date(2016, 9, 21)'},
                     { 'v': 4693.0},
                     { 'v': 6},
                     { 'f': '50.00% (15/30)', 'v': 50.0},
                     { 'f': '73.33% (11/15)', 'v': 73.33333333333333},
                     { 'f': '<a href="/gcs-redirect?path=gs%3A%2F%2Fcorpus">40 (400 B)</a>',
                       'v': 40},
                     { 'f': '<a href="/gcs-redirect?path=gs%3A%2F%2Fcorpus-backup">Download</a>',
                       'v': 'Download'},
                     { 'f': '<a href="/gcs-redirect?path=gs%3A%2F%2Fquarantine">8 (80 B)</a>',
                       'v': 8},
                     { 'f': u'<a href="https://report_for_2_fuzzer/20161021">Coverage</a>',
                       'v': 'Coverage'},
                     { 'f': '<a href="/gcs-redirect?path=gs%3A%2F%2Fbucket%2FtestFuzzer_2_fuzzer%2Fjob%2F2016-10-21">Logs</a>',
                       'v': 'Logs'},
                     { 'f': '<a href="/performance-report/testFuzzer_2_fuzzer/job/2016-10-21">Performance</a>',
                       'v': 'Performance'}]},
            { 'c': [ { 'v': 'Date(2016, 9, 23)'},
                     { 'v': 214719.0},
                     { 'v': 7},
                     { 'f': '--', 'v': ''},
                     { 'f': '--', 'v': ''},
                     { 'f': '--', 'v': ''},
                     { 'f': '--', 'v': ''},
                     { 'f': '--', 'v': ''},
                     { 'f': '--', 'v': ''},
                     { 'f': '<a href="/gcs-redirect?path=gs%3A%2F%2Fbucket%2FtestFuzzer_2_fuzzer%2Fjob%2F2016-10-23">Logs</a>',
                       'v': 'Logs'},
                     { 'f': '<a href="/performance-report/testFuzzer_2_fuzzer/job/2016-10-23">Performance</a>',
                       'v': 'Performance'}]},
            { 'c': [ { 'v': 'Date(2016, 9, 19)'},
                     { 'v': 4091.0},
                     { 'v': 0},
                     { 'f': '36.67% (11/30)', 'v': 36.666666666666664},
                     { 'f': '66.67% (10/15)', 'v': 66.66666666666667},
                     { 'f': '<a href="/gcs-redirect?path=gs%3A%2F%2Fcorpus">20 (200 B)</a>',
                       'v': 20},
                     { 'f': '<a href="/gcs-redirect?path=gs%3A%2F%2Fcorpus-backup">Download</a>',
                       'v': 'Download'},
                     { 'f': '<a href="/gcs-redirect?path=gs%3A%2F%2Fquarantine">0 (0 B)</a>',
                       'v': 0},
                     { 'f': u'<a href="https://report_for_2_fuzzer/20161019">Coverage</a>',
                       'v': 'Coverage'},
                     { 'f': '<a href="/gcs-redirect?path=gs%3A%2F%2Fbucket%2FtestFuzzer_2_fuzzer%2Fjob%2F2016-10-19">Logs</a>',
                       'v': 'Logs'},
                     { 'f': '<a href="/performance-report/testFuzzer_2_fuzzer/job/2016-10-19">Performance</a>',
                       'v': 'Performance'}]}]}
