{ 'cols': [ { 'label': 'job', 'type': 'string'},
            { 'label': u'new_crashes', 'type': 'number'},
            { 'label': u'edge_coverage', 'type': 'number'},
            { 'label': u'func_coverage', 'type': 'number'},
            { 'label': u'corpus_size', 'type': 'number'},
            { 'label': u'corpus_backup', 'type': 'string'},
            { 'label': u'quarantine_size', 'type': 'number'},
            { 'label': u'coverage_report', 'type': 'string'},
            { 'label': u'fuzzer_logs', 'type': 'string'},
            { 'label': u'performance_report', 'type': 'string'}],
  'column_descriptions': { 'blah': 'blah description',
                           'func_coverage': 'func coverage description'},
  'is_timeseries': False,
  'rows': [ { 'c': [ { 'v': u'job'},
                     { 'v': 2},
                     { 'f': '44.74% (17/38)', 'v': 44.73684210526316},
                     { 'f': '63.16% (12/19)', 'v': 63.1578947368421},
                     { 'f': '<a href="/gcs-redirect?path=gs%3A%2F%2Fcorpus">47 (480 B)</a>',
                       'v': 47},
                     { 'f': '<a href="/gcs-redirect?path=gs%3A%2F%2Fcorpus-backup">Download</a>',
                       'v': 'Download'},
                     { 'f': '<a href="/gcs-redirect?path=gs%3A%2F%2Fquarantine">3 (8 B)</a>',
                       'v': 3},
                     { 'f': u'<a href="https://report_for_1_fuzzer/20161020">Coverage</a>',
                       'v': 'Coverage'},
                     { 'f': '<a href="/gcs-redirect?path=gs%3A%2F%2Fbucket%2FtestFuzzer_1_fuzzer%2Fjob">Logs</a>',
                       'v': 'Logs'},
                     { 'f': '<a href="/performance-report/testFuzzer_1_fuzzer/job/latest">Performance</a>',
                       'v': 'Performance'}]},
            { 'c': [ { 'v': u'job2'},
                     { 'v': 5},
                     { 'f': '44.74% (17/38)', 'v': 44.73684210526316},
                     { 'f': '63.16% (12/19)', 'v': 63.1578947368421},
                     { 'f': '<a href="/gcs-redirect?path=gs%3A%2F%2Fcorpus">47 (480 B)</a>',
                       'v': 47},
                     { 'f': '<a href="/gcs-redirect?path=gs%3A%2F%2Fcorpus-backup">Download</a>',
                       'v': 'Download'},
                     { 'f': '<a href="/gcs-redirect?path=gs%3A%2F%2Fquarantine">3 (8 B)</a>',
                       'v': 3},
                     { 'f': u'<a href="https://report_for_1_fuzzer/20161020">Coverage</a>',
                       'v': 'Coverage'},
                     { 'f': '<a href="/gcs-redirect?path=gs%3A%2F%2Ftest-fuzz-logs-bucket%2FtestFuzzer_1_fuzzer%2Fjob2">Logs</a>',
                       'v': 'Logs'},
                     { 'f': '<a href="/performance-report/testFuzzer_1_fuzzer/job2/latest">Performance</a>',
                       'v': 'Performance'}]},
            { 'c': [ { 'v': u'job3'},
                     { 'v': 123},
                     { 'f': '44.74% (17/38)', 'v': 44.73684210526316},
                     { 'f': '63.16% (12/19)', 'v': 63.1578947368421},
                     { 'f': '<a href="/gcs-redirect?path=gs%3A%2F%2Fcorpus">47 (480 B)</a>',
                       'v': 47},
                     { 'f': '<a href="/gcs-redirect?path=gs%3A%2F%2Fcorpus-backup">Download</a>',
                       'v': 'Download'},
                     { 'f': '<a href="/gcs-redirect?path=gs%3A%2F%2Fquarantine">3 (8 B)</a>',
                       'v': 3},
                     { 'f': u'<a href="https://report_for_1_fuzzer/20161020">Coverage</a>',
                       'v': 'Coverage'},
                     { 'f': '<a href="/gcs-redirect?path=gs%3A%2F%2Ftest-fuzz-logs-bucket%2FtestFuzzer_1_fuzzer%2Fjob3">Logs</a>',
                       'v': 'Logs'},
                     { 'f': '<a href="/performance-report/testFuzzer_1_fuzzer/job3/latest">Performance</a>',
                       'v': 'Performance'}]}]}
